// Jest Snapshot v1, https://goo.gl/fbAQLP

exports[`Yellow Button renders properly 1`] = `
<View
  accessible={true}
  collapsable={false}
  focusable={true}
  onBlur={[Function]}
  onClick={[Function]}
  onFocus={[Function]}
  onResponderGrant={[Function]}
  onResponderMove={[Function]}
  onResponderRelease={[Function]}
  onResponderTerminate={[Function]}
  onResponderTerminationRequest={[Function]}
  onStartShouldSetResponder={[Function]}
  style={
    Object {
      "alignItems": "center",
      "backgroundColor": "#FEB700",
      "borderRadius": 10,
      "height": 40,
      "justifyContent": "center",
      "marginBottom": 10,
      "width": "100%",
    }
  }
>
  <Text
    style={
      Object {
        "fontFamily": "montserratSemiBold",
        "fontSize": 18,
        "textTransform": null,
      }
    }
  />
</View>
`;
